Archive member included to satisfy reference by file (symbol)

b:/stm32/stm32cubeide_1.9.0/stm32cubeide/plugins/com.st.stm32cube.ide.mcu.externaltools.gnu-tools-for-stm32.10.3-2021.10.win32_1.0.0.202111181127/tools/bin/../lib/gcc/arm-none-eabi/10.3.1/../../../../arm-none-eabi/lib/thumb/v7e-m+fp/hard\libc_nano.a(lib_a-errno.o)
                              ./Core/Src/syscalls.o (__errno)
b:/stm32/stm32cubeide_1.9.0/stm32cubeide/plugins/com.st.stm32cube.ide.mcu.externaltools.gnu-tools-for-stm32.10.3-2021.10.win32_1.0.0.202111181127/tools/bin/../lib/gcc/arm-none-eabi/10.3.1/../../../../arm-none-eabi/lib/thumb/v7e-m+fp/hard\libc_nano.a(lib_a-exit.o)
                              b:/stm32/stm32cubeide_1.9.0/stm32cubeide/plugins/com.st.stm32cube.ide.mcu.externaltools.gnu-tools-for-stm32.10.3-2021.10.win32_1.0.0.202111181127/tools/bin/../lib/gcc/arm-none-eabi/10.3.1/../../../../arm-none-eabi/lib/thumb/v7e-m+fp/hard/crt0.o (exit)
b:/stm32/stm32cubeide_1.9.0/stm32cubeide/plugins/com.st.stm32cube.ide.mcu.externaltools.gnu-tools-for-stm32.10.3-2021.10.win32_1.0.0.202111181127/tools/bin/../lib/gcc/arm-none-eabi/10.3.1/../../../../arm-none-eabi/lib/thumb/v7e-m+fp/hard\libc_nano.a(lib_a-impure.o)
                              b:/stm32/stm32cubeide_1.9.0/stm32cubeide/plugins/com.st.stm32cube.ide.mcu.externaltools.gnu-tools-for-stm32.10.3-2021.10.win32_1.0.0.202111181127/tools/bin/../lib/gcc/arm-none-eabi/10.3.1/../../../../arm-none-eabi/lib/thumb/v7e-m+fp/hard\libc_nano.a(lib_a-exit.o) (_global_impure_ptr)
b:/stm32/stm32cubeide_1.9.0/stm32cubeide/plugins/com.st.stm32cube.ide.mcu.externaltools.gnu-tools-for-stm32.10.3-2021.10.win32_1.0.0.202111181127/tools/bin/../lib/gcc/arm-none-eabi/10.3.1/../../../../arm-none-eabi/lib/thumb/v7e-m+fp/hard\libc_nano.a(lib_a-init.o)
                              b:/stm32/stm32cubeide_1.9.0/stm32cubeide/plugins/com.st.stm32cube.ide.mcu.externaltools.gnu-tools-for-stm32.10.3-2021.10.win32_1.0.0.202111181127/tools/bin/../lib/gcc/arm-none-eabi/10.3.1/../../../../arm-none-eabi/lib/thumb/v7e-m+fp/hard/crt0.o (__libc_init_array)
b:/stm32/stm32cubeide_1.9.0/stm32cubeide/plugins/com.st.stm32cube.ide.mcu.externaltools.gnu-tools-for-stm32.10.3-2021.10.win32_1.0.0.202111181127/tools/bin/../lib/gcc/arm-none-eabi/10.3.1/../../../../arm-none-eabi/lib/thumb/v7e-m+fp/hard\libc_nano.a(lib_a-memset.o)
                              b:/stm32/stm32cubeide_1.9.0/stm32cubeide/plugins/com.st.stm32cube.ide.mcu.externaltools.gnu-tools-for-stm32.10.3-2021.10.win32_1.0.0.202111181127/tools/bin/../lib/gcc/arm-none-eabi/10.3.1/../../../../arm-none-eabi/lib/thumb/v7e-m+fp/hard/crt0.o (memset)
b:/stm32/stm32cubeide_1.9.0/stm32cubeide/plugins/com.st.stm32cube.ide.mcu.externaltools.gnu-tools-for-stm32.10.3-2021.10.win32_1.0.0.202111181127/tools/bin/../lib/gcc/arm-none-eabi/10.3.1/thumb/v7e-m+fp/hard\libgcc.a(_aeabi_uldivmod.o)
                              ./Drivers/STM32F4xx_HAL_Driver/Src/stm32f4xx_hal_rcc.o (__aeabi_uldivmod)
b:/stm32/stm32cubeide_1.9.0/stm32cubeide/plugins/com.st.stm32cube.ide.mcu.externaltools.gnu-tools-for-stm32.10.3-2021.10.win32_1.0.0.202111181127/tools/bin/../lib/gcc/arm-none-eabi/10.3.1/thumb/v7e-m+fp/hard\libgcc.a(_udivmoddi4.o)
                              b:/stm32/stm32cubeide_1.9.0/stm32cubeide/plugins/com.st.stm32cube.ide.mcu.externaltools.gnu-tools-for-stm32.10.3-2021.10.win32_1.0.0.202111181127/tools/bin/../lib/gcc/arm-none-eabi/10.3.1/thumb/v7e-m+fp/hard\libgcc.a(_aeabi_uldivmod.o) (__udivmoddi4)
b:/stm32/stm32cubeide_1.9.0/stm32cubeide/plugins/com.st.stm32cube.ide.mcu.externaltools.gnu-tools-for-stm32.10.3-2021.10.win32_1.0.0.202111181127/tools/bin/../lib/gcc/arm-none-eabi/10.3.1/thumb/v7e-m+fp/hard\libgcc.a(_dvmd_tls.o)
                              b:/stm32/stm32cubeide_1.9.0/stm32cubeide/plugins/com.st.stm32cube.ide.mcu.externaltools.gnu-tools-for-stm32.10.3-2021.10.win32_1.0.0.202111181127/tools/bin/../lib/gcc/arm-none-eabi/10.3.1/thumb/v7e-m+fp/hard\libgcc.a(_aeabi_uldivmod.o) (__aeabi_ldiv0)

Discarded input sections

 .text          0x0000000000000000        0x0 b:/stm32/stm32cubeide_1.9.0/stm32cubeide/plugins/com.st.stm32cube.ide.mcu.externaltools.gnu-tools-for-stm32.10.3-2021.10.win32_1.0.0.202111181127/tools/bin/../lib/gcc/arm-none-eabi/10.3.1/thumb/v7e-m+fp/hard/crti.o
 .data          0x0000000000000000        0x0 b:/stm32/stm32cubeide_1.9.0/stm32cubeide/plugins/com.st.stm32cube.ide.mcu.externaltools.gnu-tools-for-stm32.10.3-2021.10.win32_1.0.0.202111181127/tools/bin/../lib/gcc/arm-none-eabi/10.3.1/thumb/v7e-m+fp/hard/crti.o
 .bss           0x0000000000000000        0x0 b:/stm32/stm32cubeide_1.9.0/stm32cubeide/plugins/com.st.stm32cube.ide.mcu.externaltools.gnu-tools-for-stm32.10.3-2021.10.win32_1.0.0.202111181127/tools/bin/../lib/gcc/arm-none-eabi/10.3.1/thumb/v7e-m+fp/hard/crti.o
[...]
Memory Configuration

Name             Origin             Length             Attributes
RAM              0x0000000020000000 0x0000000000020000 xrw
FLASH            0x0000000008000000 0x0000000000080000 xr
*default*        0x0000000000000000 0xffffffffffffffff

Linker script and memory map

LOAD b:/stm32/stm32cubeide_1.9.0/stm32cubeide/plugins/com.st.stm32cube.ide.mcu.externaltools.gnu-tools-for-stm32.10.3-2021.10.win32_1.0.0.202111181127/tools/bin/../lib/gcc/arm-none-eabi/10.3.1/thumb/v7e-m+fp/hard/crti.o
LOAD b:/stm32/stm32cubeide_1.9.0/stm32cubeide/plugins/com.st.stm32cube.ide.mcu.externaltools.gnu-tools-for-stm32.10.3-2021.10.win32_1.0.0.202111181127/tools/bin/../lib/gcc/arm-none-eabi/10.3.1/thumb/v7e-m+fp/hard/crtbegin.o
LOAD b:/stm32/stm32cubeide_1.9.0/stm32cubeide/plugins/com.st.stm32cube.ide.mcu.externaltools.gnu-tools-for-stm32.10.3-2021.10.win32_1.0.0.202111181127/tools/bin/../lib/gcc/arm-none-eabi/10.3.1/../../../../arm-none-eabi/lib/thumb/v7e-m+fp/hard/crt0.o
LOAD ./Core/Src/CRC16.o
LOAD ./Core/Src/Modbus.o
LOAD ./Core/Src/main.o
LOAD ./Core/Src/stm32f4xx_hal_msp.o
LOAD ./Core/Src/stm32f4xx_it.o
LOAD ./Core/Src/syscalls.o
LOAD ./Core/Src/sysmem.o
LOAD ./Core/Src/system_stm32f4xx.o
LOAD ./Core/Startup/startup_stm32f411retx.o
LOAD ./Drivers/STM32F4xx_HAL_Driver/Src/stm32f4xx_hal.o
LOAD ./Drivers/STM32F4xx_HAL_Driver/Src/stm32f4xx_hal_adc.o
LOAD ./Drivers/STM32F4xx_HAL_Driver/Src/stm32f4xx_hal_adc_ex.o
LOAD ./Drivers/STM32F4xx_HAL_Driver/Src/stm32f4xx_hal_cortex.o
LOAD ./Drivers/STM32F4xx_HAL_Driver/Src/stm32f4xx_hal_dma.o
LOAD ./Drivers/STM32F4xx_HAL_Driver/Src/stm32f4xx_hal_dma_ex.o
LOAD ./Drivers/STM32F4xx_HAL_Driver/Src/stm32f4xx_hal_exti.o
LOAD ./Drivers/STM32F4xx_HAL_Driver/Src/stm32f4xx_hal_flash.o
LOAD ./Drivers/STM32F4xx_HAL_Driver/Src/stm32f4xx_hal_flash_ex.o
LOAD ./Drivers/STM32F4xx_HAL_Driver/Src/stm32f4xx_hal_flash_ramfunc.o
LOAD ./Drivers/STM32F4xx_HAL_Driver/Src/stm32f4xx_hal_gpio.o
LOAD ./Drivers/STM32F4xx_HAL_Driver/Src/stm32f4xx_hal_iwdg.o
LOAD ./Drivers/STM32F4xx_HAL_Driver/Src/stm32f4xx_hal_pwr.o
LOAD ./Drivers/STM32F4xx_HAL_Driver/Src/stm32f4xx_hal_pwr_ex.o
LOAD ./Drivers/STM32F4xx_HAL_Driver/Src/stm32f4xx_hal_rcc.o
LOAD ./Drivers/STM32F4xx_HAL_Driver/Src/stm32f4xx_hal_rcc_ex.o
LOAD ./Drivers/STM32F4xx_HAL_Driver/Src/stm32f4xx_hal_tim.o
LOAD ./Drivers/STM32F4xx_HAL_Driver/Src/stm32f4xx_hal_tim_ex.o
LOAD ./Drivers/STM32F4xx_HAL_Driver/Src/stm32f4xx_hal_uart.o
LOAD ./Drivers/STM32F4xx_HAL_Driver/Src/stm32f4xx_ll_adc.o
START GROUP
LOAD b:/stm32/stm32cubeide_1.9.0/stm32cubeide/plugins/com.st.stm32cube.ide.mcu.externaltools.gnu-tools-for-stm32.10.3-2021.10.win32_1.0.0.202111181127/tools/bin/../lib/gcc/arm-none-eabi/10.3.1/../../../../arm-none-eabi/lib/thumb/v7e-m+fp/hard\libc_nano.a
LOAD b:/stm32/stm32cubeide_1.9.0/stm32cubeide/plugins/com.st.stm32cube.ide.mcu.externaltools.gnu-tools-for-stm32.10.3-2021.10.win32_1.0.0.202111181127/tools/bin/../lib/gcc/arm-none-eabi/10.3.1/../../../../arm-none-eabi/lib/thumb/v7e-m+fp/hard\libm.a
END GROUP
START GROUP
LOAD b:/stm32/stm32cubeide_1.9.0/stm32cubeide/plugins/com.st.stm32cube.ide.mcu.externaltools.gnu-tools-for-stm32.10.3-2021.10.win32_1.0.0.202111181127/tools/bin/../lib/gcc/arm-none-eabi/10.3.1/thumb/v7e-m+fp/hard\libgcc.a
LOAD b:/stm32/stm32cubeide_1.9.0/stm32cubeide/plugins/com.st.stm32cube.ide.mcu.externaltools.gnu-tools-for-stm32.10.3-2021.10.win32_1.0.0.202111181127/tools/bin/../lib/gcc/arm-none-eabi/10.3.1/../../../../arm-none-eabi/lib/thumb/v7e-m+fp/hard\libc_nano.a
END GROUP
START GROUP
LOAD b:/stm32/stm32cubeide_1.9.0/stm32cubeide/plugins/com.st.stm32cube.ide.mcu.externaltools.gnu-tools-for-stm32.10.3-2021.10.win32_1.0.0.202111181127/tools/bin/../lib/gcc/arm-none-eabi/10.3.1/thumb/v7e-m+fp/hard\libgcc.a
LOAD b:/stm32/stm32cubeide_1.9.0/stm32cubeide/plugins/com.st.stm32cube.ide.mcu.externaltools.gnu-tools-for-stm32.10.3-2021.10.win32_1.0.0.202111181127/tools/bin/../lib/gcc/arm-none-eabi/10.3.1/../../../../arm-none-eabi/lib/thumb/v7e-m+fp/hard\libc_nano.a
LOAD b:/stm32/stm32cubeide_1.9.0/stm32cubeide/plugins/com.st.stm32cube.ide.mcu.externaltools.gnu-tools-for-stm32.10.3-2021.10.win32_1.0.0.202111181127/tools/bin/../lib/gcc/arm-none-eabi/10.3.1/../../../../arm-none-eabi/lib/thumb/v7e-m+fp/hard\libnosys.a
END GROUP
START GROUP
LOAD b:/stm32/stm32cubeide_1.9.0/stm32cubeide/plugins/com.st.stm32cube.ide.mcu.externaltools.gnu-tools-for-stm32.10.3-2021.10.win32_1.0.0.202111181127/tools/bin/../lib/gcc/arm-none-eabi/10.3.1/thumb/v7e-m+fp/hard\libgcc.a
LOAD b:/stm32/stm32cubeide_1.9.0/stm32cubeide/plugins/com.st.stm32cube.ide.mcu.externaltools.gnu-tools-for-stm32.10.3-2021.10.win32_1.0.0.202111181127/tools/bin/../lib/gcc/arm-none-eabi/10.3.1/../../../../arm-none-eabi/lib/thumb/v7e-m+fp/hard\libc_nano.a
LOAD b:/stm32/stm32cubeide_1.9.0/stm32cubeide/plugins/com.st.stm32cube.ide.mcu.externaltools.gnu-tools-for-stm32.10.3-2021.10.win32_1.0.0.202111181127/tools/bin/../lib/gcc/arm-none-eabi/10.3.1/../../../../arm-none-eabi/lib/thumb/v7e-m+fp/hard\libnosys.a
END GROUP
LOAD b:/stm32/stm32cubeide_1.9.0/stm32cubeide/plugins/com.st.stm32cube.ide.mcu.externaltools.gnu-tools-for-stm32.10.3-2021.10.win32_1.0.0.202111181127/tools/bin/../lib/gcc/arm-none-eabi/10.3.1/thumb/v7e-m+fp/hard/crtend.o
LOAD b:/stm32/stm32cubeide_1.9.0/stm32cubeide/plugins/com.st.stm32cube.ide.mcu.externaltools.gnu-tools-for-stm32.10.3-2021.10.win32_1.0.0.202111181127/tools/bin/../lib/gcc/arm-none-eabi/10.3.1/thumb/v7e-m+fp/hard/crtn.o
                0x0000000020020000                _estack = (ORIGIN (RAM) + LENGTH (RAM))
                0x0000000000000200                _Min_Heap_Size = 0x200
                0x0000000000000400                _Min_Stack_Size = 0x400

.isr_vector     0x0000000008000000      0x198
                0x0000000008000000                . = ALIGN (0x4)
 *(.isr_vector)
 .isr_vector    0x0000000008000000      0x198 ./Core/Startup/startup_stm32f411retx.o
                0x0000000008000000                g_pfnVectors
                0x0000000008000198                . = ALIGN (0x4)

.text           0x0000000008000198     0x37ac
                0x0000000008000198                . = ALIGN (0x4)
 *(.text)
 .text          0x0000000008000198       0x40 b:/stm32/stm32cubeide_1.9.0/stm32cubeide/plugins/com.st.stm32cube.ide.mcu.externaltools.gnu-tools-for-stm32.10.3-2021.10.win32_1.0.0.202111181127/tools/bin/../lib/gcc/arm-none-eabi/10.3.1/thumb/v7e-m+fp/hard/crtbegin.o
 .text          0x00000000080001d8       0x30 b:/stm32/stm32cubeide_1.9.0/stm32cubeide/plugins/com.st.stm32cube.ide.mcu.externaltools.gnu-tools-for-stm32.10.3-2021.10.win32_1.0.0.202111181127/tools/bin/../lib/gcc/arm-none-eabi/10.3.1/thumb/v7e-m+fp/hard\libgcc.a(_aeabi_uldivmod.o)
                0x00000000080001d8                __aeabi_uldivmod
 .text          0x0000000008000208      0x2d0 b:/stm32/stm32cubeide_1.9.0/stm32cubeide/plugins/com.st.stm32cube.ide.mcu.externaltools.gnu-tools-for-stm32.10.3-2021.10.win32_1.0.0.202111181127/tools/bin/../lib/gcc/arm-none-eabi/10.3.1/thumb/v7e-m+fp/hard\libgcc.a(_udivmoddi4.o)
                0x0000000008000208                __udivmoddi4
 .text          0x00000000080004d8        0x4 b:/stm32/stm32cubeide_1.9.0/stm32cubeide/plugins/com.st.stm32cube.ide.mcu.externaltools.gnu-tools-for-stm32.10.3-2021.10.win32_1.0.0.202111181127/tools/bin/../lib/gcc/arm-none-eabi/10.3.1/thumb/v7e-m+fp/hard\libgcc.a(_dvmd_tls.o)
                0x00000000080004d8                __aeabi_idiv0
                0x00000000080004d8                __aeabi_ldiv0
 *(.text*)
 .text.CRC16    0x00000000080004dc       0x6c ./Core/Src/CRC16.o
                0x00000000080004dc                CRC16
 .text.Modbus_handler
                0x0000000008000548       0xe8 ./Core/Src/Modbus.o
                0x0000000008000548                Modbus_handler
 .text.main     0x0000000008000630       0xec ./Core/Src/main.o
                0x0000000008000630                main
 .text.SystemClock_Config
                0x000000000800071c       0xd8 ./Core/Src/main.o
                0x000000000800071c                SystemClock_Config
 .text.MX_ADC1_Init
                0x00000000080007f4       0xa4 ./Core/Src/main.o
 .text.MX_IWDG_Init
                0x0000000008000898       0x34 ./Core/Src/main.o
 .text.MX_TIM11_Init
                0x00000000080008cc       0x70 ./Core/Src/main.o
 .text.MX_USART2_UART_Init
                0x000000000800093c       0x60 ./Core/Src/main.o
 .text.MX_GPIO_Init
                0x000000000800099c      0x13c ./Core/Src/main.o
 .text.Error_Handler
                0x0000000008000ad8        0xa ./Core/Src/main.o
                0x0000000008000ad8                Error_Handler
 *fill*         0x0000000008000ae2        0x2 
 .text.HAL_MspInit
                0x0000000008000ae4       0x50 ./Core/Src/stm32f4xx_hal_msp.o
                0x0000000008000ae4                HAL_MspInit
 .text.HAL_ADC_MspInit
                0x0000000008000b34       0x88 ./Core/Src/stm32f4xx_hal_msp.o
                0x0000000008000b34                HAL_ADC_MspInit
 .text.HAL_TIM_Base_MspInit
                0x0000000008000bbc       0x50 ./Core/Src/stm32f4xx_hal_msp.o
                0x0000000008000bbc                HAL_TIM_Base_MspInit
 .text.HAL_UART_MspInit
                0x0000000008000c0c       0xa0 ./Core/Src/stm32f4xx_hal_msp.o
                0x0000000008000c0c                HAL_UART_MspInit
 .text.NMI_Handler
                0x0000000008000cac        0x6 ./Core/Src/stm32f4xx_it.o
                0x0000000008000cac                NMI_Handler
 .text.HardFault_Handler
                0x0000000008000cb2        0x6 ./Core/Src/stm32f4xx_it.o
                0x0000000008000cb2                HardFault_Handler
 .text.MemManage_Handler
                0x0000000008000cb8        0x6 ./Core/Src/stm32f4xx_it.o
                0x0000000008000cb8                MemManage_Handler
 .text.BusFault_Handler
                0x0000000008000cbe        0x6 ./Core/Src/stm32f4xx_it.o
                0x0000000008000cbe                BusFault_Handler
 .text.UsageFault_Handler
                0x0000000008000cc4        0x6 ./Core/Src/stm32f4xx_it.o
                0x0000000008000cc4                UsageFault_Handler
 .text.SVC_Handler
                0x0000000008000cca        0xe ./Core/Src/stm32f4xx_it.o
                0x0000000008000cca                SVC_Handler
 .text.DebugMon_Handler
                0x0000000008000cd8        0xe ./Core/Src/stm32f4xx_it.o
                0x0000000008000cd8                DebugMon_Handler
 .text.PendSV_Handler
                0x0000000008000ce6        0xe ./Core/Src/stm32f4xx_it.o
                0x0000000008000ce6                PendSV_Handler
 .text.SysTick_Handler
                0x0000000008000cf4        0xc ./Core/Src/stm32f4xx_it.o
                0x0000000008000cf4                SysTick_Handler
 .text.TIM1_TRG_COM_TIM11_IRQHandler
                0x0000000008000d00       0x4c ./Core/Src/stm32f4xx_it.o
                0x0000000008000d00                TIM1_TRG_COM_TIM11_IRQHandler
 .text.USART2_IRQHandler
                0x0000000008000d4c       0x64 ./Core/Src/stm32f4xx_it.o
                0x0000000008000d4c                USART2_IRQHandler
 .text.SystemInit
                0x0000000008000db0       0x24 ./Core/Src/system_stm32f4xx.o
                0x0000000008000db0                SystemInit
 .text.Reset_Handler
                0x0000000008000dd4       0x50 ./Core/Startup/startup_stm32f411retx.o
                0x0000000008000dd4                Reset_Handler
 .text.Default_Handler
                0x0000000008000e24        0x2 ./Core/Startup/startup_stm32f411retx.o
                0x0000000008000e24                RTC_Alarm_IRQHandler
                0x0000000008000e24                EXTI2_IRQHandler
                0x0000000008000e24                SPI4_IRQHandler
                0x0000000008000e24                TIM1_CC_IRQHandler
                0x0000000008000e24                DMA2_Stream5_IRQHandler
                0x0000000008000e24                DMA1_Stream5_IRQHandler
                0x0000000008000e24                PVD_IRQHandler
                0x0000000008000e24                SDIO_IRQHandler
                0x0000000008000e24                TAMP_STAMP_IRQHandler
                0x0000000008000e24                EXTI3_IRQHandler
                0x0000000008000e24                TIM1_UP_TIM10_IRQHandler
                0x0000000008000e24                I2C3_ER_IRQHandler
                0x0000000008000e24                EXTI0_IRQHandler
                0x0000000008000e24                I2C2_EV_IRQHandler
                0x0000000008000e24                DMA1_Stream2_IRQHandler
                0x0000000008000e24                FPU_IRQHandler
                0x0000000008000e24                DMA2_Stream2_IRQHandler
                0x0000000008000e24                SPI1_IRQHandler
                0x0000000008000e24                TIM1_BRK_TIM9_IRQHandler
                0x0000000008000e24                DMA2_Stream3_IRQHandler
                0x0000000008000e24                USART6_IRQHandler
                0x0000000008000e24                DMA2_Stream0_IRQHandler
                0x0000000008000e24                TIM4_IRQHandler
                0x0000000008000e24                I2C1_EV_IRQHandler
                0x0000000008000e24                DMA1_Stream6_IRQHandler
                0x0000000008000e24                DMA1_Stream1_IRQHandler
                0x0000000008000e24                TIM3_IRQHandler
                0x0000000008000e24                RCC_IRQHandler
                0x0000000008000e24                Default_Handler
                0x0000000008000e24                EXTI15_10_IRQHandler
                0x0000000008000e24                ADC_IRQHandler
                0x0000000008000e24                DMA1_Stream7_IRQHandler
                0x0000000008000e24                SPI5_IRQHandler
                0x0000000008000e24                TIM5_IRQHandler
                0x0000000008000e24                DMA2_Stream7_IRQHandler
                0x0000000008000e24                I2C3_EV_IRQHandler
                0x0000000008000e24                EXTI9_5_IRQHandler
                0x0000000008000e24                RTC_WKUP_IRQHandler
                0x0000000008000e24                SPI2_IRQHandler
                0x0000000008000e24                DMA1_Stream0_IRQHandler
                0x0000000008000e24                EXTI4_IRQHandler
                0x0000000008000e24                WWDG_IRQHandler
                0x0000000008000e24                TIM2_IRQHandler
                0x0000000008000e24                OTG_FS_WKUP_IRQHandler
                0x0000000008000e24                EXTI1_IRQHandler
                0x0000000008000e24                I2C2_ER_IRQHandler
                0x0000000008000e24                DMA2_Stream1_IRQHandler
                0x0000000008000e24                FLASH_IRQHandler
                0x0000000008000e24                DMA2_Stream4_IRQHandler
                0x0000000008000e24                USART1_IRQHandler
                0x0000000008000e24                OTG_FS_IRQHandler
                0x0000000008000e24                SPI3_IRQHandler
                0x0000000008000e24                DMA1_Stream4_IRQHandler
                0x0000000008000e24                I2C1_ER_IRQHandler
                0x0000000008000e24                DMA2_Stream6_IRQHandler
                0x0000000008000e24                DMA1_Stream3_IRQHandler
 *fill*         0x0000000008000e26        0x2 
 .text.HAL_Init
                0x0000000008000e28       0x44 ./Drivers/STM32F4xx_HAL_Driver/Src/stm32f4xx_hal.o
                0x0000000008000e28                HAL_Init
 .text.HAL_InitTick
                0x0000000008000e6c       0x60 ./Drivers/STM32F4xx_HAL_Driver/Src/stm32f4xx_hal.o
                0x0000000008000e6c                HAL_InitTick
 .text.HAL_IncTick
                0x0000000008000ecc       0x28 ./Drivers/STM32F4xx_HAL_Driver/Src/stm32f4xx_hal.o
                0x0000000008000ecc                HAL_IncTick
 .text.HAL_GetTick
                0x0000000008000ef4       0x18 ./Drivers/STM32F4xx_HAL_Driver/Src/stm32f4xx_hal.o
                0x0000000008000ef4                HAL_GetTick
 .text.HAL_Delay
                0x0000000008000f0c       0x48 ./Drivers/STM32F4xx_HAL_Driver/Src/stm32f4xx_hal.o
                0x0000000008000f0c                HAL_Delay
 .text.HAL_ADC_Init
                0x0000000008000f54       0x86 ./Drivers/STM32F4xx_HAL_Driver/Src/stm32f4xx_hal_adc.o
                0x0000000008000f54                HAL_ADC_Init
 *fill*         0x0000000008000fda        0x2 
 .text.HAL_ADC_ConfigChannel
                0x0000000008000fdc      0x264 ./Drivers/STM32F4xx_HAL_Driver/Src/stm32f4xx_hal_adc.o
                0x0000000008000fdc                HAL_ADC_ConfigChannel
 .text.ADC_Init
                0x0000000008001240      0x1f8 ./Drivers/STM32F4xx_HAL_Driver/Src/stm32f4xx_hal_adc.o
 .text.__NVIC_SetPriorityGrouping
                0x0000000008001438       0x48 ./Drivers/STM32F4xx_HAL_Driver/Src/stm32f4xx_hal_cortex.o
 .text.__NVIC_GetPriorityGrouping
                0x0000000008001480       0x1c ./Drivers/STM32F4xx_HAL_Driver/Src/stm32f4xx_hal_cortex.o
 .text.__NVIC_EnableIRQ
                0x000000000800149c       0x3c ./Drivers/STM32F4xx_HAL_Driver/Src/stm32f4xx_hal_cortex.o
 .text.__NVIC_SetPriority
                0x00000000080014d8       0x54 ./Drivers/STM32F4xx_HAL_Driver/Src/stm32f4xx_hal_cortex.o
 .text.NVIC_EncodePriority
                0x000000000800152c       0x66 ./Drivers/STM32F4xx_HAL_Driver/Src/stm32f4xx_hal_cortex.o
 *fill*         0x0000000008001592        0x2 
 .text.SysTick_Config
                0x0000000008001594       0x44 ./Drivers/STM32F4xx_HAL_Driver/Src/stm32f4xx_hal_cortex.o
 .text.HAL_NVIC_SetPriorityGrouping
                0x00000000080015d8       0x16 ./Drivers/STM32F4xx_HAL_Driver/Src/stm32f4xx_hal_cortex.o
                0x00000000080015d8                HAL_NVIC_SetPriorityGrouping
 .text.HAL_NVIC_SetPriority
                0x00000000080015ee       0x38 ./Drivers/STM32F4xx_HAL_Driver/Src/stm32f4xx_hal_cortex.o
                0x00000000080015ee                HAL_NVIC_SetPriority
 .text.HAL_NVIC_EnableIRQ
                0x0000000008001626       0x1c ./Drivers/STM32F4xx_HAL_Driver/Src/stm32f4xx_hal_cortex.o
                0x0000000008001626                HAL_NVIC_EnableIRQ
 .text.HAL_SYSTICK_Config
                0x0000000008001642       0x18 ./Drivers/STM32F4xx_HAL_Driver/Src/stm32f4xx_hal_cortex.o
                0x0000000008001642                HAL_SYSTICK_Config
 .text.HAL_DMA_Abort
                0x000000000800165a       0xe0 ./Drivers/STM32F4xx_HAL_Driver/Src/stm32f4xx_hal_dma.o
                0x000000000800165a                HAL_DMA_Abort
 .text.HAL_DMA_Abort_IT
                0x000000000800173a       0x44 ./Drivers/STM32F4xx_HAL_Driver/Src/stm32f4xx_hal_dma.o
                0x000000000800173a                HAL_DMA_Abort_IT
 *fill*         0x000000000800177e        0x2 
 .text.HAL_GPIO_Init
                0x0000000008001780      0x308 ./Drivers/STM32F4xx_HAL_Driver/Src/stm32f4xx_hal_gpio.o
                0x0000000008001780                HAL_GPIO_Init
 .text.HAL_GPIO_WritePin
                0x0000000008001a88       0x32 ./Drivers/STM32F4xx_HAL_Driver/Src/stm32f4xx_hal_gpio.o
                0x0000000008001a88                HAL_GPIO_WritePin
 .text.HAL_IWDG_Init
                0x0000000008001aba       0x84 ./Drivers/STM32F4xx_HAL_Driver/Src/stm32f4xx_hal_iwdg.o
                0x0000000008001aba                HAL_IWDG_Init
 *fill*         0x0000000008001b3e        0x2 
 .text.HAL_RCC_OscConfig
                0x0000000008001b40      0x4f0 ./Drivers/STM32F4xx_HAL_Driver/Src/stm32f4xx_hal_rcc.o
                0x0000000008001b40                HAL_RCC_OscConfig
 .text.HAL_RCC_ClockConfig
                0x0000000008002030      0x1cc ./Drivers/STM32F4xx_HAL_Driver/Src/stm32f4xx_hal_rcc.o
                0x0000000008002030                HAL_RCC_ClockConfig
 .text.HAL_RCC_GetSysClockFreq
                0x00000000080021fc      0x20c ./Drivers/STM32F4xx_HAL_Driver/Src/stm32f4xx_hal_rcc.o
                0x00000000080021fc                HAL_RCC_GetSysClockFreq
 .text.HAL_RCC_GetHCLKFreq
                0x0000000008002408       0x18 ./Drivers/STM32F4xx_HAL_Driver/Src/stm32f4xx_hal_rcc.o
                0x0000000008002408                HAL_RCC_GetHCLKFreq
 .text.HAL_RCC_GetPCLK1Freq
                0x0000000008002420       0x28 ./Drivers/STM32F4xx_HAL_Driver/Src/stm32f4xx_hal_rcc.o
                0x0000000008002420                HAL_RCC_GetPCLK1Freq
 .text.HAL_RCC_GetPCLK2Freq
                0x0000000008002448       0x28 ./Drivers/STM32F4xx_HAL_Driver/Src/stm32f4xx_hal_rcc.o
                0x0000000008002448                HAL_RCC_GetPCLK2Freq
 .text.HAL_TIM_Base_Init
                0x0000000008002470       0x9e ./Drivers/STM32F4xx_HAL_Driver/Src/stm32f4xx_hal_tim.o
                0x0000000008002470                HAL_TIM_Base_Init
 .text.HAL_TIM_IRQHandler
                0x000000000800250e      0x210 ./Drivers/STM32F4xx_HAL_Driver/Src/stm32f4xx_hal_tim.o
                0x000000000800250e                HAL_TIM_IRQHandler
 .text.HAL_TIM_PeriodElapsedCallback
                0x000000000800271e       0x14 ./Drivers/STM32F4xx_HAL_Driver/Src/stm32f4xx_hal_tim.o
                0x000000000800271e                HAL_TIM_PeriodElapsedCallback
 .text.HAL_TIM_OC_DelayElapsedCallback
                0x0000000008002732       0x14 ./Drivers/STM32F4xx_HAL_Driver/Src/stm32f4xx_hal_tim.o
                0x0000000008002732                HAL_TIM_OC_DelayElapsedCallback
 .text.HAL_TIM_IC_CaptureCallback
                0x0000000008002746       0x14 ./Drivers/STM32F4xx_HAL_Driver/Src/stm32f4xx_hal_tim.o
                0x0000000008002746                HAL_TIM_IC_CaptureCallback
 .text.HAL_TIM_PWM_PulseFinishedCallback
                0x000000000800275a       0x14 ./Drivers/STM32F4xx_HAL_Driver/Src/stm32f4xx_hal_tim.o
                0x000000000800275a                HAL_TIM_PWM_PulseFinishedCallback
 .text.HAL_TIM_TriggerCallback
                0x000000000800276e       0x14 ./Drivers/STM32F4xx_HAL_Driver/Src/stm32f4xx_hal_tim.o
                0x000000000800276e                HAL_TIM_TriggerCallback
 *fill*         0x0000000008002782        0x2 
 .text.TIM_Base_SetConfig
                0x0000000008002784      0x100 ./Drivers/STM32F4xx_HAL_Driver/Src/stm32f4xx_hal_tim.o
                0x0000000008002784                TIM_Base_SetConfig
 .text.HAL_TIMEx_CommutCallback
                0x0000000008002884       0x14 ./Drivers/STM32F4xx_HAL_Driver/Src/stm32f4xx_hal_tim_ex.o
                0x0000000008002884                HAL_TIMEx_CommutCallback
 .text.HAL_TIMEx_BreakCallback
                0x0000000008002898       0x14 ./Drivers/STM32F4xx_HAL_Driver/Src/stm32f4xx_hal_tim_ex.o
                0x0000000008002898                HAL_TIMEx_BreakCallback
 .text.HAL_UART_Init
                0x00000000080028ac       0x9a ./Drivers/STM32F4xx_HAL_Driver/Src/stm32f4xx_hal_uart.o
                0x00000000080028ac                HAL_UART_Init
 .text.HAL_UART_Transmit
                0x0000000008002946      0x124 ./Drivers/STM32F4xx_HAL_Driver/Src/stm32f4xx_hal_uart.o
                0x0000000008002946                HAL_UART_Transmit
 *fill*         0x0000000008002a6a        0x2 
 .text.HAL_UART_IRQHandler
                0x0000000008002a6c      0x51c ./Drivers/STM32F4xx_HAL_Driver/Src/stm32f4xx_hal_uart.o
                0x0000000008002a6c                HAL_UART_IRQHandler
 .text.HAL_UART_TxCpltCallback
                0x0000000008002f88       0x14 ./Drivers/STM32F4xx_HAL_Driver/Src/stm32f4xx_hal_uart.o
                0x0000000008002f88                HAL_UART_TxCpltCallback
 .text.HAL_UART_RxCpltCallback
                0x0000000008002f9c       0x14 ./Drivers/STM32F4xx_HAL_Driver/Src/stm32f4xx_hal_uart.o
                0x0000000008002f9c                HAL_UART_RxCpltCallback
 .text.HAL_UART_ErrorCallback
                0x0000000008002fb0       0x14 ./Drivers/STM32F4xx_HAL_Driver/Src/stm32f4xx_hal_uart.o
                0x0000000008002fb0                HAL_UART_ErrorCallback
 .text.HAL_UARTEx_RxEventCallback
                0x0000000008002fc4       0x18 ./Drivers/STM32F4xx_HAL_Driver/Src/stm32f4xx_hal_uart.o
                0x0000000008002fc4                HAL_UARTEx_RxEventCallback
 .text.UART_WaitOnFlagUntilTimeout
                0x0000000008002fdc       0xdc ./Drivers/STM32F4xx_HAL_Driver/Src/stm32f4xx_hal_uart.o
 .text.UART_EndRxTransfer
                0x00000000080030b8       0xc6 ./Drivers/STM32F4xx_HAL_Driver/Src/stm32f4xx_hal_uart.o
 .text.UART_DMAAbortOnError
                0x000000000800317e       0x28 ./Drivers/STM32F4xx_HAL_Driver/Src/stm32f4xx_hal_uart.o
 .text.UART_Transmit_IT
                0x00000000080031a6       0xa0 ./Drivers/STM32F4xx_HAL_Driver/Src/stm32f4xx_hal_uart.o
 .text.UART_EndTransmit_IT
                0x0000000008003246       0x30 ./Drivers/STM32F4xx_HAL_Driver/Src/stm32f4xx_hal_uart.o
 .text.UART_Receive_IT
                0x0000000008003276      0x176 ./Drivers/STM32F4xx_HAL_Driver/Src/stm32f4xx_hal_uart.o
 .text.UART_SetConfig
                0x00000000080033ec      0x4e8 ./Drivers/STM32F4xx_HAL_Driver/Src/stm32f4xx_hal_uart.o
 .text.__libc_init_array
                0x00000000080038d4       0x48 b:/stm32/stm32cubeide_1.9.0/stm32cubeide/plugins/com.st.stm32cube.ide.mcu.externaltools.gnu-tools-for-stm32.10.3-2021.10.win32_1.0.0.202111181127/tools/bin/../lib/gcc/arm-none-eabi/10.3.1/../../../../arm-none-eabi/lib/thumb/v7e-m+fp/hard\libc_nano.a(lib_a-init.o)
                0x00000000080038d4                __libc_init_array
 .text.memset   0x000000000800391c       0x10 b:/stm32/stm32cubeide_1.9.0/stm32cubeide/plugins/com.st.stm32cube.ide.mcu.externaltools.gnu-tools-for-stm32.10.3-2021.10.win32_1.0.0.202111181127/tools/bin/../lib/gcc/arm-none-eabi/10.3.1/../../../../arm-none-eabi/lib/thumb/v7e-m+fp/hard\libc_nano.a(lib_a-memset.o)
                0x000000000800391c                memset
 *(.glue_7)
 .glue_7        0x000000000800392c        0x0 linker stubs
 *(.glue_7t)
 .glue_7t       0x000000000800392c        0x0 linker stubs
 *(.eh_frame)
 .eh_frame      0x000000000800392c        0x0 b:/stm32/stm32cubeide_1.9.0/stm32cubeide/plugins/com.st.stm32cube.ide.mcu.externaltools.gnu-tools-for-stm32.10.3-2021.10.win32_1.0.0.202111181127/tools/bin/../lib/gcc/arm-none-eabi/10.3.1/thumb/v7e-m+fp/hard/crtbegin.o
 *(.init)
 .init          0x000000000800392c        0x4 b:/stm32/stm32cubeide_1.9.0/stm32cubeide/plugins/com.st.stm32cube.ide.mcu.externaltools.gnu-tools-for-stm32.10.3-2021.10.win32_1.0.0.202111181127/tools/bin/../lib/gcc/arm-none-eabi/10.3.1/thumb/v7e-m+fp/hard/crti.o
                0x000000000800392c                _init
 .init          0x0000000008003930        0x8 b:/stm32/stm32cubeide_1.9.0/stm32cubeide/plugins/com.st.stm32cube.ide.mcu.externaltools.gnu-tools-for-stm32.10.3-2021.10.win32_1.0.0.202111181127/tools/bin/../lib/gcc/arm-none-eabi/10.3.1/thumb/v7e-m+fp/hard/crtn.o
 *(.fini)
 .fini          0x0000000008003938        0x4 b:/stm32/stm32cubeide_1.9.0/stm32cubeide/plugins/com.st.stm32cube.ide.mcu.externaltools.gnu-tools-for-stm32.10.3-2021.10.win32_1.0.0.202111181127/tools/bin/../lib/gcc/arm-none-eabi/10.3.1/thumb/v7e-m+fp/hard/crti.o
                0x0000000008003938                _fini
 .fini          0x000000000800393c        0x8 b:/stm32/stm32cubeide_1.9.0/stm32cubeide/plugins/com.st.stm32cube.ide.mcu.externaltools.gnu-tools-for-stm32.10.3-2021.10.win32_1.0.0.202111181127/tools/bin/../lib/gcc/arm-none-eabi/10.3.1/thumb/v7e-m+fp/hard/crtn.o
                0x0000000008003944                . = ALIGN (0x4)
                0x0000000008003944                _etext = .

.vfp11_veneer   0x0000000008003944        0x0
 .vfp11_veneer  0x0000000008003944        0x0 linker stubs

.v4_bx          0x0000000008003944        0x0
 .v4_bx         0x0000000008003944        0x0 linker stubs

.iplt           0x0000000008003944        0x0
 .iplt          0x0000000008003944        0x0 b:/stm32/stm32cubeide_1.9.0/stm32cubeide/plugins/com.st.stm32cube.ide.mcu.externaltools.gnu-tools-for-stm32.10.3-2021.10.win32_1.0.0.202111181127/tools/bin/../lib/gcc/arm-none-eabi/10.3.1/thumb/v7e-m+fp/hard/crtbegin.o

.rodata         0x0000000008003944       0x18
                0x0000000008003944                . = ALIGN (0x4)
 *(.rodata)
 *(.rodata*)
 .rodata.AHBPrescTable
                0x0000000008003944       0x10 ./Core/Src/system_stm32f4xx.o
                0x0000000008003944                AHBPrescTable
 .rodata.APBPrescTable
                0x0000000008003954        0x8 ./Core/Src/system_stm32f4xx.o
                0x0000000008003954                APBPrescTable
                0x000000000800395c                . = ALIGN (0x4)

.ARM.extab      0x000000000800395c        0x0
                0x000000000800395c                . = ALIGN (0x4)
 *(.ARM.extab* .gnu.linkonce.armextab.*)
                0x000000000800395c                . = ALIGN (0x4)

.ARM            0x000000000800395c        0x8
                0x000000000800395c                . = ALIGN (0x4)
                0x000000000800395c                __exidx_start = .
 *(.ARM.exidx*)
 .ARM.exidx     0x000000000800395c        0x8 b:/stm32/stm32cubeide_1.9.0/stm32cubeide/plugins/com.st.stm32cube.ide.mcu.externaltools.gnu-tools-for-stm32.10.3-2021.10.win32_1.0.0.202111181127/tools/bin/../lib/gcc/arm-none-eabi/10.3.1/thumb/v7e-m+fp/hard\libgcc.a(_udivmoddi4.o)
                0x0000000008003964                __exidx_end = .
                0x0000000008003964                . = ALIGN (0x4)

.rel.dyn        0x0000000008003964        0x0
 .rel.iplt      0x0000000008003964        0x0 b:/stm32/stm32cubeide_1.9.0/stm32cubeide/plugins/com.st.stm32cube.ide.mcu.externaltools.gnu-tools-for-stm32.10.3-2021.10.win32_1.0.0.202111181127/tools/bin/../lib/gcc/arm-none-eabi/10.3.1/thumb/v7e-m+fp/hard/crtbegin.o

.preinit_array  0x0000000008003964        0x0
                0x0000000008003964                . = ALIGN (0x4)
                0x0000000008003964                PROVIDE (__preinit_array_start = .)
 *(.preinit_array*)
                0x0000000008003964                PROVIDE (__preinit_array_end = .)
                0x0000000008003964                . = ALIGN (0x4)

.init_array     0x0000000008003964        0x4
                0x0000000008003964                . = ALIGN (0x4)
                0x0000000008003964                PROVIDE (__init_array_start = .)
 *(SORT_BY_NAME(.init_array.*))
 *(.init_array*)
 .init_array    0x0000000008003964        0x4 b:/stm32/stm32cubeide_1.9.0/stm32cubeide/plugins/com.st.stm32cube.ide.mcu.externaltools.gnu-tools-for-stm32.10.3-2021.10.win32_1.0.0.202111181127/tools/bin/../lib/gcc/arm-none-eabi/10.3.1/thumb/v7e-m+fp/hard/crtbegin.o
                0x0000000008003968                PROVIDE (__init_array_end = .)
                0x0000000008003968                . = ALIGN (0x4)

.fini_array     0x0000000008003968        0x4
                0x0000000008003968                . = ALIGN (0x4)
                [!provide]                        PROVIDE (__fini_array_start = .)
 *(SORT_BY_NAME(.fini_array.*))
 *(.fini_array*)
 .fini_array    0x0000000008003968        0x4 b:/stm32/stm32cubeide_1.9.0/stm32cubeide/plugins/com.st.stm32cube.ide.mcu.externaltools.gnu-tools-for-stm32.10.3-2021.10.win32_1.0.0.202111181127/tools/bin/../lib/gcc/arm-none-eabi/10.3.1/thumb/v7e-m+fp/hard/crtbegin.o
                [!provide]                        PROVIDE (__fini_array_end = .)
                0x000000000800396c                . = ALIGN (0x4)
                0x000000000800396c                _sidata = LOADADDR (.data)

.data           0x0000000020000000      0x20c load address 0x000000000800396c
                0x0000000020000000                . = ALIGN (0x4)
                0x0000000020000000                _sdata = .
 *(.data)
 *(.data*)
 .data.auchCRCHi
                0x0000000020000000      0x100 ./Core/Src/CRC16.o
 .data.auchCRCLo
                0x0000000020000100      0x100 ./Core/Src/CRC16.o
 .data.SystemCoreClock
                0x0000000020000200        0x4 ./Core/Src/system_stm32f4xx.o
                0x0000000020000200                SystemCoreClock
 .data.uwTickPrio
                0x0000000020000204        0x4 ./Drivers/STM32F4xx_HAL_Driver/Src/stm32f4xx_hal.o
                0x0000000020000204                uwTickPrio
 .data.uwTickFreq
                0x0000000020000208        0x1 ./Drivers/STM32F4xx_HAL_Driver/Src/stm32f4xx_hal.o
                0x0000000020000208                uwTickFreq
 *(.RamFunc)
 *(.RamFunc*)
                0x000000002000020c                . = ALIGN (0x4)
 *fill*         0x0000000020000209        0x3 
                0x000000002000020c                _edata = .

.igot.plt       0x000000002000020c        0x0 load address 0x0000000008003b78
 .igot.plt      0x000000002000020c        0x0 b:/stm32/stm32cubeide_1.9.0/stm32cubeide/plugins/com.st.stm32cube.ide.mcu.externaltools.gnu-tools-for-stm32.10.3-2021.10.win32_1.0.0.202111181127/tools/bin/../lib/gcc/arm-none-eabi/10.3.1/thumb/v7e-m+fp/hard/crtbegin.o
                0x000000002000020c                . = ALIGN (0x4)

.bss            0x000000002000020c      0x140 load address 0x0000000008003b78
                0x000000002000020c                _sbss = .
                0x000000002000020c                __bss_start__ = _sbss
 *(.bss)
 .bss           0x000000002000020c       0x1c b:/stm32/stm32cubeide_1.9.0/stm32cubeide/plugins/com.st.stm32cube.ide.mcu.externaltools.gnu-tools-for-stm32.10.3-2021.10.win32_1.0.0.202111181127/tools/bin/../lib/gcc/arm-none-eabi/10.3.1/thumb/v7e-m+fp/hard/crtbegin.o
 *(.bss*)
 .bss.uchCRC_input
                0x0000000020000228        0x2 ./Core/Src/Modbus.o
                0x0000000020000228                uchCRC_input
 *fill*         0x000000002000022a        0x2 
 .bss.data      0x000000002000022c        0xf ./Core/Src/Modbus.o
                0x000000002000022c                data
 *fill*         0x000000002000023b        0x1 
 .bss.HR        0x000000002000023c       0x10 ./Core/Src/Modbus.o
                0x000000002000023c                HR
 .bss.hrIndex   0x000000002000024c        0x4 ./Core/Src/Modbus.o
                0x000000002000024c                hrIndex
 .bss.CRCch     0x0000000020000250        0x1 ./Core/Src/Modbus.o
                0x0000000020000250                CRCch
 .bss.CRCcl     0x0000000020000251        0x1 ./Core/Src/Modbus.o
                0x0000000020000251                CRCcl
 *fill*         0x0000000020000252        0x2 
 .bss.TxPacketReady
                0x0000000020000254        0x4 ./Core/Src/Modbus.o
                0x0000000020000254                TxPacketReady
 .bss.TxPacketSize
                0x0000000020000258        0x4 ./Core/Src/Modbus.o
                0x0000000020000258                TxPacketSize
 .bss.hadc1     0x000000002000025c       0x48 ./Core/Src/main.o
                0x000000002000025c                hadc1
 .bss.hiwdg     0x00000000200002a4        0xc ./Core/Src/main.o
                0x00000000200002a4                hiwdg
 .bss.htim11    0x00000000200002b0       0x48 ./Core/Src/main.o
                0x00000000200002b0                htim11
 .bss.huart2    0x00000000200002f8       0x44 ./Core/Src/main.o
                0x00000000200002f8                huart2
 .bss.buffer    0x000000002000033c        0x8 ./Core/Src/stm32f4xx_it.o
                0x000000002000033c                buffer
 .bss.index     0x0000000020000344        0x4 ./Core/Src/stm32f4xx_it.o
 .bss.uwTick    0x0000000020000348        0x4 ./Drivers/STM32F4xx_HAL_Driver/Src/stm32f4xx_hal.o
                0x0000000020000348                uwTick
 *(COMMON)
                0x000000002000034c                . = ALIGN (0x4)
                0x000000002000034c                _ebss = .
                0x000000002000034c                __bss_end__ = _ebss

._user_heap_stack
                0x000000002000034c      0x604 load address 0x0000000008003b78
                0x0000000020000350                . = ALIGN (0x8)
 *fill*         0x000000002000034c        0x4 
                [!provide]                        PROVIDE (end = .)
                0x0000000020000350                PROVIDE (_end = .)
                0x0000000020000550                . = (. + _Min_Heap_Size)
 *fill*         0x0000000020000350      0x200 
                0x0000000020000950                . = (. + _Min_Stack_Size)
 *fill*         0x0000000020000550      0x400 
                0x0000000020000950                . = ALIGN (0x8)

/DISCARD/
 libc.a(*)
 libm.a(*)
 libgcc.a(*)

.ARM.attributes
                0x0000000000000000       0x30
 *(.ARM.attributes)
 .ARM.attributes
                0x0000000000000000       0x1e b:/stm32/stm32cubeide_1.9.0/stm32cubeide/plugins/com.st.stm32cube.ide.mcu.externaltools.gnu-tools-for-stm32.10.3-2021.10.win32_1.0.0.202111181127/tools/bin/../lib/gcc/arm-none-eabi/10.3.1/thumb/v7e-m+fp/hard/crti.o
 .ARM.attributes
                0x000000000000001e       0x34 b:/stm32/stm32cubeide_1.9.0/stm32cubeide/plugins/com.st.stm32cube.ide.mcu.externaltools.gnu-tools-for-stm32.10.3-2021.10.win32_1.0.0.202111181127/tools/bin/../lib/gcc/arm-none-eabi/10.3.1/thumb/v7e-m+fp/hard/crtbegin.o
 .ARM.attributes
                0x0000000000000052       0x34 ./Core/Src/CRC16.o
 .ARM.attributes
                0x0000000000000086       0x34 ./Core/Src/Modbus.o
 .ARM.attributes
                0x00000000000000ba       0x34 ./Core/Src/main.o
 .ARM.attributes
                0x00000000000000ee       0x34 ./Core/Src/stm32f4xx_hal_msp.o
 .ARM.attributes
                0x0000000000000122       0x34 ./Core/Src/stm32f4xx_it.o
 .ARM.attributes
                0x0000000000000156       0x34 ./Core/Src/system_stm32f4xx.o
 .ARM.attributes
                0x000000000000018a       0x21 ./Core/Startup/startup_stm32f411retx.o
 .ARM.attributes
                0x00000000000001ab       0x34 ./Drivers/STM32F4xx_HAL_Driver/Src/stm32f4xx_hal.o
 .ARM.attributes
                0x00000000000001df       0x34 ./Drivers/STM32F4xx_HAL_Driver/Src/stm32f4xx_hal_adc.o
 .ARM.attributes
                0x0000000000000213       0x34 ./Drivers/STM32F4xx_HAL_Driver/Src/stm32f4xx_hal_cortex.o
 .ARM.attributes
                0x0000000000000247       0x34 ./Drivers/STM32F4xx_HAL_Driver/Src/stm32f4xx_hal_dma.o
 .ARM.attributes
                0x000000000000027b       0x34 ./Drivers/STM32F4xx_HAL_Driver/Src/stm32f4xx_hal_gpio.o
 .ARM.attributes
                0x00000000000002af       0x34 ./Drivers/STM32F4xx_HAL_Driver/Src/stm32f4xx_hal_iwdg.o
 .ARM.attributes
                0x00000000000002e3       0x34 ./Drivers/STM32F4xx_HAL_Driver/Src/stm32f4xx_hal_rcc.o
 .ARM.attributes
                0x0000000000000317       0x34 ./Drivers/STM32F4xx_HAL_Driver/Src/stm32f4xx_hal_tim.o
 .ARM.attributes
                0x000000000000034b       0x34 ./Drivers/STM32F4xx_HAL_Driver/Src/stm32f4xx_hal_tim_ex.o
 .ARM.attributes
                0x000000000000037f       0x34 ./Drivers/STM32F4xx_HAL_Driver/Src/stm32f4xx_hal_uart.o
 .ARM.attributes
                0x00000000000003b3       0x34 b:/stm32/stm32cubeide_1.9.0/stm32cubeide/plugins/com.st.stm32cube.ide.mcu.externaltools.gnu-tools-for-stm32.10.3-2021.10.win32_1.0.0.202111181127/tools/bin/../lib/gcc/arm-none-eabi/10.3.1/../../../../arm-none-eabi/lib/thumb/v7e-m+fp/hard\libc_nano.a(lib_a-init.o)
 .ARM.attributes
                0x00000000000003e7       0x34 b:/stm32/stm32cubeide_1.9.0/stm32cubeide/plugins/com.st.stm32cube.ide.mcu.externaltools.gnu-tools-for-stm32.10.3-2021.10.win32_1.0.0.202111181127/tools/bin/../lib/gcc/arm-none-eabi/10.3.1/../../../../arm-none-eabi/lib/thumb/v7e-m+fp/hard\libc_nano.a(lib_a-memset.o)
 .ARM.attributes
                0x000000000000041b       0x1e b:/stm32/stm32cubeide_1.9.0/stm32cubeide/plugins/com.st.stm32cube.ide.mcu.externaltools.gnu-tools-for-stm32.10.3-2021.10.win32_1.0.0.202111181127/tools/bin/../lib/gcc/arm-none-eabi/10.3.1/thumb/v7e-m+fp/hard\libgcc.a(_aeabi_uldivmod.o)
 .ARM.attributes
                0x0000000000000439       0x34 b:/stm32/stm32cubeide_1.9.0/stm32cubeide/plugins/com.st.stm32cube.ide.mcu.externaltools.gnu-tools-for-stm32.10.3-2021.10.win32_1.0.0.202111181127/tools/bin/../lib/gcc/arm-none-eabi/10.3.1/thumb/v7e-m+fp/hard\libgcc.a(_udivmoddi4.o)
 .ARM.attributes
                0x000000000000046d       0x1e b:/stm32/stm32cubeide_1.9.0/stm32cubeide/plugins/com.st.stm32cube.ide.mcu.externaltools.gnu-tools-for-stm32.10.3-2021.10.win32_1.0.0.202111181127/tools/bin/../lib/gcc/arm-none-eabi/10.3.1/thumb/v7e-m+fp/hard\libgcc.a(_dvmd_tls.o)
 .ARM.attributes
                0x000000000000048b       0x1e b:/stm32/stm32cubeide_1.9.0/stm32cubeide/plugins/com.st.stm32cube.ide.mcu.externaltools.gnu-tools-for-stm32.10.3-2021.10.win32_1.0.0.202111181127/tools/bin/../lib/gcc/arm-none-eabi/10.3.1/thumb/v7e-m+fp/hard/crtn.o
OUTPUT(Exercise3.elf elf32-littlearm)
LOAD linker stubs
LOAD b:/stm32/stm32cubeide_1.9.0/stm32cubeide/plugins/com.st.stm32cube.ide.mcu.externaltools.gnu-tools-for-stm32.10.3-2021.10.win32_1.0.0.202111181127/tools/bin/../lib/gcc/arm-none-eabi/10.3.1/../../../../arm-none-eabi/lib/thumb/v7e-m+fp/hard\libc.a
LOAD b:/stm32/stm32cubeide_1.9.0/stm32cubeide/plugins/com.st.stm32cube.ide.mcu.externaltools.gnu-tools-for-stm32.10.3-2021.10.win32_1.0.0.202111181127/tools/bin/../lib/gcc/arm-none-eabi/10.3.1/../../../../arm-none-eabi/lib/thumb/v7e-m+fp/hard\libm.a
LOAD b:/stm32/stm32cubeide_1.9.0/stm32cubeide/plugins/com.st.stm32cube.ide.mcu.externaltools.gnu-tools-for-stm32.10.3-2021.10.win32_1.0.0.202111181127/tools/bin/../lib/gcc/arm-none-eabi/10.3.1/thumb/v7e-m+fp/hard\libgcc.a

.debug_info     0x0000000000000000     0xed2e
 .debug_info    0x0000000000000000       0xf6 ./Core/Src/CRC16.o
 .debug_info    0x00000000000000f6      0x1ad ./Core/Src/Modbus.o
 .debug_info    0x00000000000002a3     0x1539 ./Core/Src/main.o
 .debug_info    0x00000000000017dc     0x1234 ./Core/Src/stm32f4xx_hal_msp.o
 .debug_info    0x0000000000002a10      0xa1e ./Core/Src/stm32f4xx_it.o
 .debug_info    0x000000000000342e      0x54f ./Core/Src/system_stm32f4xx.o
 .debug_info    0x000000000000397d       0x22 ./Core/Startup/startup_stm32f411retx.o
 .debug_info    0x000000000000399f      0x90d ./Drivers/STM32F4xx_HAL_Driver/Src/stm32f4xx_hal.o
 .debug_info    0x00000000000042ac      0xd68 ./Drivers/STM32F4xx_HAL_Driver/Src/stm32f4xx_hal_adc.o
 .debug_info    0x0000000000005014      0xd8b ./Drivers/STM32F4xx_HAL_Driver/Src/stm32f4xx_hal_cortex.o
 .debug_info    0x0000000000005d9f      0x947 ./Drivers/STM32F4xx_HAL_Driver/Src/stm32f4xx_hal_dma.o
 .debug_info    0x00000000000066e6      0x78e ./Drivers/STM32F4xx_HAL_Driver/Src/stm32f4xx_hal_gpio.o
 .debug_info    0x0000000000006e74      0x1eb ./Drivers/STM32F4xx_HAL_Driver/Src/stm32f4xx_hal_iwdg.o
 .debug_info    0x000000000000705f      0x98d ./Drivers/STM32F4xx_HAL_Driver/Src/stm32f4xx_hal_rcc.o
 .debug_info    0x00000000000079ec     0x2bb6 ./Drivers/STM32F4xx_HAL_Driver/Src/stm32f4xx_hal_tim.o
 .debug_info    0x000000000000a5a2     0x15d8 ./Drivers/STM32F4xx_HAL_Driver/Src/stm32f4xx_hal_tim_ex.o
 .debug_info    0x000000000000bb7a     0x31b4 ./Drivers/STM32F4xx_HAL_Driver/Src/stm32f4xx_hal_uart.o

.debug_abbrev   0x0000000000000000     0x1ffb
 .debug_abbrev  0x0000000000000000       0x7b ./Core/Src/CRC16.o
 .debug_abbrev  0x000000000000007b       0xd7 ./Core/Src/Modbus.o
 .debug_abbrev  0x0000000000000152      0x2ee ./Core/Src/main.o
 .debug_abbrev  0x0000000000000440      0x1cc ./Core/Src/stm32f4xx_hal_msp.o
 .debug_abbrev  0x000000000000060c      0x1d5 ./Core/Src/stm32f4xx_it.o
 .debug_abbrev  0x00000000000007e1      0x116 ./Core/Src/system_stm32f4xx.o
 .debug_abbrev  0x00000000000008f7       0x12 ./Core/Startup/startup_stm32f411retx.o
 .debug_abbrev  0x0000000000000909      0x23e ./Drivers/STM32F4xx_HAL_Driver/Src/stm32f4xx_hal.o
 .debug_abbrev  0x0000000000000b47      0x204 ./Drivers/STM32F4xx_HAL_Driver/Src/stm32f4xx_hal_adc.o
 .debug_abbrev  0x0000000000000d4b      0x316 ./Drivers/STM32F4xx_HAL_Driver/Src/stm32f4xx_hal_cortex.o
 .debug_abbrev  0x0000000000001061      0x21b ./Drivers/STM32F4xx_HAL_Driver/Src/stm32f4xx_hal_dma.o
 .debug_abbrev  0x000000000000127c      0x1c4 ./Drivers/STM32F4xx_HAL_Driver/Src/stm32f4xx_hal_gpio.o
 .debug_abbrev  0x0000000000001440      0x128 ./Drivers/STM32F4xx_HAL_Driver/Src/stm32f4xx_hal_iwdg.o
 .debug_abbrev  0x0000000000001568      0x2aa ./Drivers/STM32F4xx_HAL_Driver/Src/stm32f4xx_hal_rcc.o
 .debug_abbrev  0x0000000000001812      0x26e ./Drivers/STM32F4xx_HAL_Driver/Src/stm32f4xx_hal_tim.o
 .debug_abbrev  0x0000000000001a80      0x276 ./Drivers/STM32F4xx_HAL_Driver/Src/stm32f4xx_hal_tim_ex.o
 .debug_abbrev  0x0000000000001cf6      0x305 ./Drivers/STM32F4xx_HAL_Driver/Src/stm32f4xx_hal_uart.o

.debug_aranges  0x0000000000000000      0xd70
 .debug_aranges
                0x0000000000000000       0x20 ./Core/Src/CRC16.o
 .debug_aranges
                0x0000000000000020       0x20 ./Core/Src/Modbus.o
 .debug_aranges
                0x0000000000000040       0x60 ./Core/Src/main.o
 .debug_aranges
                0x00000000000000a0       0x50 ./Core/Src/stm32f4xx_hal_msp.o
 .debug_aranges
                0x00000000000000f0       0x70 ./Core/Src/stm32f4xx_it.o
 .debug_aranges
                0x0000000000000160       0x28 ./Core/Src/system_stm32f4xx.o
 .debug_aranges
                0x0000000000000188       0x28 ./Core/Startup/startup_stm32f411retx.o
 .debug_aranges
                0x00000000000001b0       0xf0 ./Drivers/STM32F4xx_HAL_Driver/Src/stm32f4xx_hal.o
 .debug_aranges
                0x00000000000002a0       0xe8 ./Drivers/STM32F4xx_HAL_Driver/Src/stm32f4xx_hal_adc.o
 .debug_aranges
                0x0000000000000388      0x118 ./Drivers/STM32F4xx_HAL_Driver/Src/stm32f4xx_hal_cortex.o
 .debug_aranges
                0x00000000000004a0       0x90 ./Drivers/STM32F4xx_HAL_Driver/Src/stm32f4xx_hal_dma.o
 .debug_aranges
                0x0000000000000530       0x58 ./Drivers/STM32F4xx_HAL_Driver/Src/stm32f4xx_hal_gpio.o
 .debug_aranges
                0x0000000000000588       0x28 ./Drivers/STM32F4xx_HAL_Driver/Src/stm32f4xx_hal_iwdg.o
 .debug_aranges
                0x00000000000005b0       0x88 ./Drivers/STM32F4xx_HAL_Driver/Src/stm32f4xx_hal_rcc.o
 .debug_aranges
                0x0000000000000638      0x3d0 ./Drivers/STM32F4xx_HAL_Driver/Src/stm32f4xx_hal_tim.o
 .debug_aranges
                0x0000000000000a08      0x168 ./Drivers/STM32F4xx_HAL_Driver/Src/stm32f4xx_hal_tim_ex.o
 .debug_aranges
                0x0000000000000b70      0x200 ./Drivers/STM32F4xx_HAL_Driver/Src/stm32f4xx_hal_uart.o

.debug_ranges   0x0000000000000000      0xc98
 .debug_ranges  0x0000000000000000       0x10 ./Core/Src/CRC16.o
 .debug_ranges  0x0000000000000010       0x10 ./Core/Src/Modbus.o
 .debug_ranges  0x0000000000000020       0x50 ./Core/Src/main.o
 .debug_ranges  0x0000000000000070       0x40 ./Core/Src/stm32f4xx_hal_msp.o
 .debug_ranges  0x00000000000000b0       0x60 ./Core/Src/stm32f4xx_it.o
 .debug_ranges  0x0000000000000110       0x18 ./Core/Src/system_stm32f4xx.o
 .debug_ranges  0x0000000000000128       0x20 ./Core/Startup/startup_stm32f411retx.o
 .debug_ranges  0x0000000000000148       0xe0 ./Drivers/STM32F4xx_HAL_Driver/Src/stm32f4xx_hal.o
 .debug_ranges  0x0000000000000228       0xd8 ./Drivers/STM32F4xx_HAL_Driver/Src/stm32f4xx_hal_adc.o
 .debug_ranges  0x0000000000000300      0x108 ./Drivers/STM32F4xx_HAL_Driver/Src/stm32f4xx_hal_cortex.o
 .debug_ranges  0x0000000000000408       0x80 ./Drivers/STM32F4xx_HAL_Driver/Src/stm32f4xx_hal_dma.o
 .debug_ranges  0x0000000000000488       0x48 ./Drivers/STM32F4xx_HAL_Driver/Src/stm32f4xx_hal_gpio.o
 .debug_ranges  0x00000000000004d0       0x18 ./Drivers/STM32F4xx_HAL_Driver/Src/stm32f4xx_hal_iwdg.o
 .debug_ranges  0x00000000000004e8       0x78 ./Drivers/STM32F4xx_HAL_Driver/Src/stm32f4xx_hal_rcc.o
 .debug_ranges  0x0000000000000560      0x3c0 ./Drivers/STM32F4xx_HAL_Driver/Src/stm32f4xx_hal_tim.o
 .debug_ranges  0x0000000000000920      0x158 ./Drivers/STM32F4xx_HAL_Driver/Src/stm32f4xx_hal_tim_ex.o
 .debug_ranges  0x0000000000000a78      0x220 ./Drivers/STM32F4xx_HAL_Driver/Src/stm32f4xx_hal_uart.o

.debug_macro    0x0000000000000000    0x17898
 .debug_macro   0x0000000000000000       0x11 ./Core/Src/CRC16.o
 .debug_macro   0x0000000000000011      0xa78 ./Core/Src/CRC16.o
 .debug_macro   0x0000000000000a89      0x2dd ./Core/Src/Modbus.o
 .debug_macro   0x0000000000000d66      0x2a7 ./Core/Src/Modbus.o
 .debug_macro   0x000000000000100d       0x2e ./Core/Src/Modbus.o
 .debug_macro   0x000000000000103b       0x28 ./Core/Src/Modbus.o
 .debug_macro   0x0000000000001063       0x22 ./Core/Src/Modbus.o
 .debug_macro   0x0000000000001085       0x8e ./Core/Src/Modbus.o
 .debug_macro   0x0000000000001113       0x51 ./Core/Src/Modbus.o
 .debug_macro   0x0000000000001164      0x103 ./Core/Src/Modbus.o
 .debug_macro   0x0000000000001267       0x6a ./Core/Src/Modbus.o
 .debug_macro   0x00000000000012d1      0x1df ./Core/Src/Modbus.o
 .debug_macro   0x00000000000014b0       0x1c ./Core/Src/Modbus.o
 .debug_macro   0x00000000000014cc       0x22 ./Core/Src/Modbus.o
 .debug_macro   0x00000000000014ee       0xd9 ./Core/Src/Modbus.o
 .debug_macro   0x00000000000015c7     0x102d ./Core/Src/Modbus.o
 .debug_macro   0x00000000000025f4      0x11f ./Core/Src/Modbus.o
 .debug_macro   0x0000000000002713     0xb953 ./Core/Src/Modbus.o
 .debug_macro   0x000000000000e066       0x6d ./Core/Src/Modbus.o
 .debug_macro   0x000000000000e0d3     0x367e ./Core/Src/Modbus.o
 .debug_macro   0x0000000000011751      0x174 ./Core/Src/Modbus.o
 .debug_macro   0x00000000000118c5       0x5c ./Core/Src/Modbus.o
 .debug_macro   0x0000000000011921      0x447 ./Core/Src/Modbus.o
 .debug_macro   0x0000000000011d68      0x9fe ./Core/Src/Modbus.o
 .debug_macro   0x0000000000012766      0x115 ./Core/Src/Modbus.o
 .debug_macro   0x000000000001287b      0x11b ./Core/Src/Modbus.o
 .debug_macro   0x0000000000012996       0xa5 ./Core/Src/Modbus.o
 .debug_macro   0x0000000000012a3b      0x15f ./Core/Src/Modbus.o
 .debug_macro   0x0000000000012b9a      0x287 ./Core/Src/Modbus.o
 .debug_macro   0x0000000000012e21       0x5f ./Core/Src/Modbus.o
 .debug_macro   0x0000000000012e80      0x236 ./Core/Src/Modbus.o
 .debug_macro   0x00000000000130b6      0x9e1 ./Core/Src/Modbus.o
 .debug_macro   0x0000000000013a97      0x38b ./Core/Src/Modbus.o
 .debug_macro   0x0000000000013e22      0x17d ./Core/Src/Modbus.o
 .debug_macro   0x0000000000013f9f       0xf9 ./Core/Src/Modbus.o
 .debug_macro   0x0000000000014098      0x132 ./Core/Src/Modbus.o
 .debug_macro   0x00000000000141ca      0x264 ./Core/Src/Modbus.o
 .debug_macro   0x000000000001442e       0x2e ./Core/Src/Modbus.o
 .debug_macro   0x000000000001445c       0x78 ./Core/Src/Modbus.o
 .debug_macro   0x00000000000144d4      0x11a ./Core/Src/Modbus.o
 .debug_macro   0x00000000000145ee       0x85 ./Core/Src/Modbus.o
 .debug_macro   0x0000000000014673       0x89 ./Core/Src/Modbus.o
 .debug_macro   0x00000000000146fc      0x8e6 ./Core/Src/Modbus.o
 .debug_macro   0x0000000000014fe2       0x47 ./Core/Src/Modbus.o
 .debug_macro   0x0000000000015029      0x295 ./Core/Src/Modbus.o
 .debug_macro   0x00000000000152be      0x126 ./Core/Src/Modbus.o
 .debug_macro   0x00000000000153e4       0xac ./Core/Src/Modbus.o
 .debug_macro   0x0000000000015490       0x52 ./Core/Src/Modbus.o
 .debug_macro   0x00000000000154e2       0x1e ./Core/Src/Modbus.o
 .debug_macro   0x0000000000015500       0x3c ./Core/Src/Modbus.o
 .debug_macro   0x000000000001553c       0x34 ./Core/Src/Modbus.o
 .debug_macro   0x0000000000015570       0x16 ./Core/Src/Modbus.o
 .debug_macro   0x0000000000015586       0x43 ./Core/Src/Modbus.o
 .debug_macro   0x00000000000155c9       0x34 ./Core/Src/Modbus.o
 .debug_macro   0x00000000000155fd       0x10 ./Core/Src/Modbus.o
 .debug_macro   0x000000000001560d       0x58 ./Core/Src/Modbus.o
 .debug_macro   0x0000000000015665       0x71 ./Core/Src/Modbus.o
 .debug_macro   0x00000000000156d6       0x1c ./Core/Src/Modbus.o
 .debug_macro   0x00000000000156f2      0x12a ./Core/Src/Modbus.o
 .debug_macro   0x000000000001581c      0x341 ./Core/Src/Modbus.o
 .debug_macro   0x0000000000015b5d       0x10 ./Core/Src/Modbus.o
 .debug_macro   0x0000000000015b6d       0x35 ./Core/Src/Modbus.o
 .debug_macro   0x0000000000015ba2       0x20 ./Core/Src/Modbus.o
 .debug_macro   0x0000000000015bc2      0x20f ./Core/Src/main.o
 .debug_macro   0x0000000000015dd1      0x20f ./Core/Src/stm32f4xx_hal_msp.o
 .debug_macro   0x0000000000015fe0      0x219 ./Core/Src/stm32f4xx_it.o
 .debug_macro   0x00000000000161f9      0x200 ./Core/Src/system_stm32f4xx.o
 .debug_macro   0x00000000000163f9      0x260 ./Drivers/STM32F4xx_HAL_Driver/Src/stm32f4xx_hal.o
 .debug_macro   0x0000000000016659      0x201 ./Drivers/STM32F4xx_HAL_Driver/Src/stm32f4xx_hal_adc.o
 .debug_macro   0x000000000001685a      0x200 ./Drivers/STM32F4xx_HAL_Driver/Src/stm32f4xx_hal_cortex.o
 .debug_macro   0x0000000000016a5a      0x206 ./Drivers/STM32F4xx_HAL_Driver/Src/stm32f4xx_hal_dma.o
 .debug_macro   0x0000000000016c60      0x206 ./Drivers/STM32F4xx_HAL_Driver/Src/stm32f4xx_hal_gpio.o
 .debug_macro   0x0000000000016e66      0x20c ./Drivers/STM32F4xx_HAL_Driver/Src/stm32f4xx_hal_iwdg.o
 .debug_macro   0x0000000000017072      0x224 ./Drivers/STM32F4xx_HAL_Driver/Src/stm32f4xx_hal_rcc.o
 .debug_macro   0x0000000000017296      0x201 ./Drivers/STM32F4xx_HAL_Driver/Src/stm32f4xx_hal_tim.o
 .debug_macro   0x0000000000017497      0x200 ./Drivers/STM32F4xx_HAL_Driver/Src/stm32f4xx_hal_tim_ex.o
 .debug_macro   0x0000000000017697      0x201 ./Drivers/STM32F4xx_HAL_Driver/Src/stm32f4xx_hal_uart.o

.debug_line     0x0000000000000000     0xfc98
 .debug_line    0x0000000000000000       0x6e ./Core/Src/CRC16.o
 .debug_line    0x000000000000006e      0x8f8 ./Core/Src/Modbus.o
 .debug_line    0x0000000000000966      0x95e ./Core/Src/main.o
 .debug_line    0x00000000000012c4      0x7f5 ./Core/Src/stm32f4xx_hal_msp.o
 .debug_line    0x0000000000001ab9      0x83e ./Core/Src/stm32f4xx_it.o
 .debug_line    0x00000000000022f7      0x7a4 ./Core/Src/system_stm32f4xx.o
 .debug_line    0x0000000000002a9b       0x88 ./Core/Startup/startup_stm32f411retx.o
 .debug_line    0x0000000000002b23      0xa0a ./Drivers/STM32F4xx_HAL_Driver/Src/stm32f4xx_hal.o
 .debug_line    0x000000000000352d     0x11ba ./Drivers/STM32F4xx_HAL_Driver/Src/stm32f4xx_hal_adc.o
 .debug_line    0x00000000000046e7      0xcb9 ./Drivers/STM32F4xx_HAL_Driver/Src/stm32f4xx_hal_cortex.o
 .debug_line    0x00000000000053a0      0xf6e ./Drivers/STM32F4xx_HAL_Driver/Src/stm32f4xx_hal_dma.o
 .debug_line    0x000000000000630e      0xb42 ./Drivers/STM32F4xx_HAL_Driver/Src/stm32f4xx_hal_gpio.o
 .debug_line    0x0000000000006e50      0x799 ./Drivers/STM32F4xx_HAL_Driver/Src/stm32f4xx_hal_iwdg.o
 .debug_line    0x00000000000075e9      0xd86 ./Drivers/STM32F4xx_HAL_Driver/Src/stm32f4xx_hal_rcc.o
 .debug_line    0x000000000000836f     0x34d8 ./Drivers/STM32F4xx_HAL_Driver/Src/stm32f4xx_hal_tim.o
 .debug_line    0x000000000000b847     0x19a2 ./Drivers/STM32F4xx_HAL_Driver/Src/stm32f4xx_hal_tim_ex.o
 .debug_line    0x000000000000d1e9     0x2aaf ./Drivers/STM32F4xx_HAL_Driver/Src/stm32f4xx_hal_uart.o

.debug_str      0x0000000000000000    0x99435
 .debug_str     0x0000000000000000     0x2d10 ./Core/Src/CRC16.o
                                       0x2d55 (size before relaxing)
 .debug_str     0x0000000000002d10    0x927ac ./Core/Src/Modbus.o
                                      0x956b6 (size before relaxing)
 .debug_str     0x00000000000954bc      0xcb2 ./Core/Src/main.o
                                      0x935ff (size before relaxing)
 .debug_str     0x000000000009616e      0x4b2 ./Core/Src/stm32f4xx_hal_msp.o
                                      0x936fa (size before relaxing)
 .debug_str     0x0000000000096620      0x126 ./Core/Src/stm32f4xx_it.o
                                      0x93077 (size before relaxing)
 .debug_str     0x0000000000096746       0xdb ./Core/Src/system_stm32f4xx.o
                                      0x927c3 (size before relaxing)
 .debug_str     0x0000000000096821       0x36 ./Core/Startup/startup_stm32f411retx.o
                                         0x77 (size before relaxing)
 .debug_str     0x0000000000096857      0x5f0 ./Drivers/STM32F4xx_HAL_Driver/Src/stm32f4xx_hal.o
                                      0x931ef (size before relaxing)
 .debug_str     0x0000000000096e47      0x285 ./Drivers/STM32F4xx_HAL_Driver/Src/stm32f4xx_hal_adc.o
                                      0x92d9e (size before relaxing)
 .debug_str     0x00000000000970cc      0x326 ./Drivers/STM32F4xx_HAL_Driver/Src/stm32f4xx_hal_cortex.o
                                      0x92f10 (size before relaxing)
 .debug_str     0x00000000000973f2      0x304 ./Drivers/STM32F4xx_HAL_Driver/Src/stm32f4xx_hal_dma.o
                                      0x92bcb (size before relaxing)
 .debug_str     0x00000000000976f6      0x121 ./Drivers/STM32F4xx_HAL_Driver/Src/stm32f4xx_hal_gpio.o
                                      0x9293e (size before relaxing)
 .debug_str     0x0000000000097817       0xe5 ./Drivers/STM32F4xx_HAL_Driver/Src/stm32f4xx_hal_iwdg.o
                                      0x9275f (size before relaxing)
 .debug_str     0x00000000000978fc      0x233 ./Drivers/STM32F4xx_HAL_Driver/Src/stm32f4xx_hal_rcc.o
                                      0x92bf7 (size before relaxing)
 .debug_str     0x0000000000097b2f      0xe2c ./Drivers/STM32F4xx_HAL_Driver/Src/stm32f4xx_hal_tim.o
                                      0x93b2b (size before relaxing)
 .debug_str     0x000000000009895b      0x503 ./Drivers/STM32F4xx_HAL_Driver/Src/stm32f4xx_hal_tim_ex.o
                                      0x93347 (size before relaxing)
 .debug_str     0x0000000000098e5e      0x5d7 ./Drivers/STM32F4xx_HAL_Driver/Src/stm32f4xx_hal_uart.o
                                      0x93184 (size before relaxing)

.comment        0x0000000000000000       0x50
 .comment       0x0000000000000000       0x50 ./Core/Src/CRC16.o
                                         0x51 (size before relaxing)
 .comment       0x0000000000000050       0x51 ./Core/Src/Modbus.o
 .comment       0x0000000000000050       0x51 ./Core/Src/main.o
 .comment       0x0000000000000050       0x51 ./Core/Src/stm32f4xx_hal_msp.o
 .comment       0x0000000000000050       0x51 ./Core/Src/stm32f4xx_it.o
 .comment       0x0000000000000050       0x51 ./Core/Src/system_stm32f4xx.o
 .comment       0x0000000000000050       0x51 ./Drivers/STM32F4xx_HAL_Driver/Src/stm32f4xx_hal.o
 .comment       0x0000000000000050       0x51 ./Drivers/STM32F4xx_HAL_Driver/Src/stm32f4xx_hal_adc.o
 .comment       0x0000000000000050       0x51 ./Drivers/STM32F4xx_HAL_Driver/Src/stm32f4xx_hal_cortex.o
 .comment       0x0000000000000050       0x51 ./Drivers/STM32F4xx_HAL_Driver/Src/stm32f4xx_hal_dma.o
 .comment       0x0000000000000050       0x51 ./Drivers/STM32F4xx_HAL_Driver/Src/stm32f4xx_hal_gpio.o
 .comment       0x0000000000000050       0x51 ./Drivers/STM32F4xx_HAL_Driver/Src/stm32f4xx_hal_iwdg.o
 .comment       0x0000000000000050       0x51 ./Drivers/STM32F4xx_HAL_Driver/Src/stm32f4xx_hal_rcc.o
 .comment       0x0000000000000050       0x51 ./Drivers/STM32F4xx_HAL_Driver/Src/stm32f4xx_hal_tim.o
 .comment       0x0000000000000050       0x51 ./Drivers/STM32F4xx_HAL_Driver/Src/stm32f4xx_hal_tim_ex.o
 .comment       0x0000000000000050       0x51 ./Drivers/STM32F4xx_HAL_Driver/Src/stm32f4xx_hal_uart.o

.debug_frame    0x0000000000000000     0x37f4
 .debug_frame   0x0000000000000000       0x38 ./Core/Src/CRC16.o
 .debug_frame   0x0000000000000038       0x34 ./Core/Src/Modbus.o
 .debug_frame   0x000000000000006c      0x128 ./Core/Src/main.o
 .debug_frame   0x0000000000000194      0x10c ./Core/Src/stm32f4xx_hal_msp.o
 .debug_frame   0x00000000000002a0      0x13c ./Core/Src/stm32f4xx_it.o
 .debug_frame   0x00000000000003dc       0x58 ./Core/Src/system_stm32f4xx.o
 .debug_frame   0x0000000000000434      0x374 ./Drivers/STM32F4xx_HAL_Driver/Src/stm32f4xx_hal.o
 .debug_frame   0x00000000000007a8      0x3fc ./Drivers/STM32F4xx_HAL_Driver/Src/stm32f4xx_hal_adc.o
 .debug_frame   0x0000000000000ba4      0x498 ./Drivers/STM32F4xx_HAL_Driver/Src/stm32f4xx_hal_cortex.o
 .debug_frame   0x000000000000103c      0x250 ./Drivers/STM32F4xx_HAL_Driver/Src/stm32f4xx_hal_dma.o
 .debug_frame   0x000000000000128c      0x14c ./Drivers/STM32F4xx_HAL_Driver/Src/stm32f4xx_hal_gpio.o
 .debug_frame   0x00000000000013d8       0x5c ./Drivers/STM32F4xx_HAL_Driver/Src/stm32f4xx_hal_iwdg.o
 .debug_frame   0x0000000000001434      0x1f4 ./Drivers/STM32F4xx_HAL_Driver/Src/stm32f4xx_hal_rcc.o
 .debug_frame   0x0000000000001628     0x11bc ./Drivers/STM32F4xx_HAL_Driver/Src/stm32f4xx_hal_tim.o
 .debug_frame   0x00000000000027e4      0x638 ./Drivers/STM32F4xx_HAL_Driver/Src/stm32f4xx_hal_tim_ex.o
 .debug_frame   0x0000000000002e1c      0x92c ./Drivers/STM32F4xx_HAL_Driver/Src/stm32f4xx_hal_uart.o
 .debug_frame   0x0000000000003748       0x2c b:/stm32/stm32cubeide_1.9.0/stm32cubeide/plugins/com.st.stm32cube.ide.mcu.externaltools.gnu-tools-for-stm32.10.3-2021.10.win32_1.0.0.202111181127/tools/bin/../lib/gcc/arm-none-eabi/10.3.1/../../../../arm-none-eabi/lib/thumb/v7e-m+fp/hard\libc_nano.a(lib_a-init.o)
 .debug_frame   0x0000000000003774       0x20 b:/stm32/stm32cubeide_1.9.0/stm32cubeide/plugins/com.st.stm32cube.ide.mcu.externaltools.gnu-tools-for-stm32.10.3-2021.10.win32_1.0.0.202111181127/tools/bin/../lib/gcc/arm-none-eabi/10.3.1/../../../../arm-none-eabi/lib/thumb/v7e-m+fp/hard\libc_nano.a(lib_a-memset.o)
 .debug_frame   0x0000000000003794       0x2c b:/stm32/stm32cubeide_1.9.0/stm32cubeide/plugins/com.st.stm32cube.ide.mcu.externaltools.gnu-tools-for-stm32.10.3-2021.10.win32_1.0.0.202111181127/tools/bin/../lib/gcc/arm-none-eabi/10.3.1/thumb/v7e-m+fp/hard\libgcc.a(_aeabi_uldivmod.o)
 .debug_frame   0x00000000000037c0       0x34 b:/stm32/stm32cubeide_1.9.0/stm32cubeide/plugins/com.st.stm32cube.ide.mcu.externaltools.gnu-tools-for-stm32.10.3-2021.10.win32_1.0.0.202111181127/tools/bin/../lib/gcc/arm-none-eabi/10.3.1/thumb/v7e-m+fp/hard\libgcc.a(_udivmoddi4.o)
